// Jest Snapshot v1, https://goo.gl/fbAQLP

exports[`alc canvas container augments the metadata 1`] = `
Array [
  Object {
    "canHaveFaultConnector": false,
    "description": "Collect information from users who run the flow or show them some information.",
    "elementType": "Screen",
    "icon": "standard:screen",
    "label": "Screen",
    "section": "Interaction",
    "type": "default",
    "value": "Screen",
  },
  Object {
    "canHaveFaultConnector": true,
    "description": "Perform an action outside of the flow. Choose from your orgâ€™s custom create and update actions or an out-of-the-box action, like Post to Chatter or Submit for Approval.",
    "elementType": "ActionCall",
    "icon": "standard:lightning_component",
    "label": "New Action",
    "section": "Interaction",
    "type": "default",
    "value": "ActionCall",
  },
  Object {
    "canHaveFaultConnector": false,
    "description": "Create paths for the flow to take based on conditions you set.",
    "elementType": "Decision",
    "icon": "standard:decision",
    "label": "Decision",
    "section": "Flow Control",
    "type": "branch",
    "value": "Decision",
  },
  Object {
    "canHaveFaultConnector": true,
    "description": "Pause the flow. Resume the flow when the org receives a platform event message or a specified day, date, or time occurs.",
    "elementType": "Wait",
    "icon": "standard:waits",
    "label": "Pause",
    "section": "Flow Control",
    "type": "branch",
    "value": "Wait",
  },
  Object {
    "canHaveFaultConnector": true,
    "description": "Create Salesforce records using values from the flow.",
    "elementType": "RecordCreate",
    "icon": "standard:record_create",
    "label": "RecordCreate",
    "section": "Data Operation",
    "type": "default",
    "value": "RecordCreate",
  },
  Object {
    "canHaveFaultConnector": true,
    "description": "Find Salesforce records, and store their field values to use later in the flow.",
    "elementType": "RecordUpdate",
    "icon": "standard:record_update",
    "label": "RecordUpdate",
    "section": "Data Operation",
    "type": "default",
    "value": "RecordUpdate",
  },
  Object {
    "canHaveFaultConnector": true,
    "description": "Update Salesforce records using values from the flow.",
    "elementType": "RecordQuery",
    "icon": "standard:record_lookup",
    "label": "RecordQuery",
    "section": "Data Operation",
    "type": "default",
    "value": "RecordQuery",
  },
  Object {
    "canHaveFaultConnector": true,
    "description": "Delete Salesforce records.",
    "elementType": "RecordDelete",
    "icon": "standard:record_delete",
    "label": "RecordDelete",
    "section": "Data Operation",
    "type": "default",
    "value": "RecordDelete",
  },
  Object {
    "canHaveFaultConnector": false,
    "elementType": "START_ELEMENT",
    "icon": "utility:right",
    "label": "Start",
    "section": null,
    "type": "start",
    "value": "START_ELEMENT",
  },
  Object {
    "canHaveFaultConnector": false,
    "elementType": "root",
    "icon": "",
    "label": "",
    "section": null,
    "type": "root",
    "value": "root",
  },
  Object {
    "canHaveFaultConnector": false,
    "description": "End Description",
    "elementType": "END_ELEMENT",
    "icon": "standard:first_non_empty",
    "label": "End",
    "section": "Logic",
    "type": "end",
    "value": "END_ELEMENT",
  },
  Object {
    "canHaveFaultConnector": false,
    "description": "stepped stage desc",
    "dynamicNodeComponent": "builder_platform_interaction/orchestratedStageNode",
    "elementType": "orchestratedstage",
    "icon": "standard:screen",
    "label": "orchestratedStage",
    "section": "Interaction",
    "type": "default",
    "value": "orchestratedstage",
  },
  Object {
    "canHaveFaultConnector": undefined,
    "elementType": "EMAIL_ALERT",
    "icon": "standard:email",
    "iconBackgroundColor": "background-navy",
    "label": "FlowBuilderElementConfig.emailAlertSingularLabel",
    "menuComponent": "builder_platform_interaction/alcNodeMenu",
    "type": "default",
  },
  Object {
    "canHaveFaultConnector": undefined,
    "elementType": "APEX_CALL",
    "icon": "standard:apex",
    "iconBackgroundColor": "background-navy",
    "label": "FlowBuilderElementConfig.apexSingularLabel",
    "menuComponent": "builder_platform_interaction/alcNodeMenu",
    "type": "default",
  },
  Object {
    "canHaveFaultConnector": undefined,
    "elementType": "ApexPlugin",
    "icon": "standard:apex_plugin",
    "iconBackgroundColor": "background-navy",
    "label": "FlowBuilderElementConfig.apexPluginSingularLabel",
    "menuComponent": "builder_platform_interaction/alcNodeMenu",
    "type": "default",
  },
  Object {
    "canHaveFaultConnector": undefined,
    "elementType": "EXTERNAL_SERVICE",
    "icon": "standard:custom_notification",
    "iconBackgroundColor": "background-navy",
    "label": "FlowBuilderElementConfig.actionSingularLabel",
    "menuComponent": "builder_platform_interaction/alcNodeMenu",
    "type": "default",
  },
  Object {
    "canHaveFaultConnector": false,
    "elementType": "root",
    "icon": "",
    "label": "",
    "section": null,
    "type": "root",
    "value": "root",
  },
  Object {
    "canHaveFaultConnector": false,
    "description": undefined,
    "elementType": "START_ELEMENT",
    "hasContext": true,
    "hasTrigger": true,
    "icon": "utility:right",
    "iconBackgroundColor": "background-green",
    "iconShape": "circle",
    "iconSize": "medium",
    "isRecordTriggeredFlow": false,
    "label": "FlowBuilderElementConfig.startElementSingularLabel",
    "menuComponent": "builder_platform_interaction/alcStartMenu",
    "type": "start",
    "value": "START_ELEMENT",
  },
  Object {
    "canHaveFaultConnector": false,
    "description": "FlowBuilderLeftPanelElements.endElementDescription",
    "elementType": "END_ELEMENT",
    "icon": "utility:stop",
    "iconBackgroundColor": "background-red",
    "iconShape": "circle",
    "iconSize": "medium",
    "label": "FlowBuilderElementConfig.endElementSingularLabel",
    "section": "FlowBuilderLeftPanelElements.flowControlLogicLabel",
    "type": "end",
    "value": "END_ELEMENT",
  },
]
`;
