// Jest Snapshot v1, https://goo.gl/fbAQLP

exports[`connector menu config Match Snapshot with both paste and goto option 1`] = `
Object {
  "sections": Array [
    Object {
      "guid": 1,
      "heading": "",
      "items": Array [
        Object {
          "elementType": "goTo",
          "guid": 1,
          "icon": "utility:level_down",
          "iconClass": "",
          "iconContainerClass": "slds-media__figure slds-listbox__option-icon",
          "iconSize": "x-small",
          "iconVariant": "",
          "label": "AlcConnectorContextualMenu.goToPathItemLabel",
          "rowClass": "slds-listbox__item action-row-line-height",
        },
        Object {
          "elementType": "Paste",
          "guid": 1,
          "icon": "utility:paste",
          "iconClass": "",
          "iconContainerClass": "slds-media__figure slds-listbox__option-icon",
          "iconSize": "x-small",
          "iconVariant": "",
          "label": "AlcConnectorContextualMenu.pasteItemLabel",
          "rowClass": "slds-listbox__item action-row-line-height",
        },
      ],
      "label": "AlcConnectorContextualMenu.actionSectionLabel",
      "separator": true,
    },
    Object {
      "guid": 1,
      "heading": "Interaction",
      "items": Array [
        Object {
          "description": "Collect information from",
          "elementSubtype": undefined,
          "elementType": "Screen",
          "guid": 1,
          "icon": "standard:screen",
          "iconClass": "",
          "iconContainerClass": "slds-media__figure slds-listbox__option-icon",
          "iconSize": "small",
          "iconVariant": "",
          "label": "Screen",
          "rowClass": "slds-listbox__item",
        },
      ],
      "label": "Interaction",
    },
    Object {
      "guid": 1,
      "heading": "Logic",
      "items": Array [
        Object {
          "description": "Create Decision",
          "elementSubtype": undefined,
          "elementType": "Decision",
          "guid": 1,
          "icon": "standard:decision",
          "iconClass": " rotate-icon-svg",
          "iconContainerClass": "slds-media__figure slds-listbox__option-icon rotate-icon-container slds-icon-standard-decision",
          "iconSize": "small",
          "iconVariant": "",
          "label": "Decision",
          "rowClass": "slds-listbox__item",
        },
      ],
      "label": "Logic",
    },
  ],
}
`;
