// Jest Snapshot v1, https://goo.gl/fbAQLP

exports[`element-lib When elements are available returns the expected sections list based on palette 1`] = `
Array [
  Object {
    "_children": Array [
      Object {
        "actionIconName": undefined,
        "actionIsStandard": undefined,
        "actionName": undefined,
        "actionType": undefined,
        "canHaveFaultConnector": undefined,
        "description": "QuickLinksLabelAndDescription.recordUpdateDescription",
        "dragImageSrc": "/flow/icons/large/record_update.png",
        "dynamicNodeComponent": undefined,
        "dynamicNodeComponentSelector": undefined,
        "elementSubtype": null,
        "elementType": "RecordUpdate",
        "freeformVisible": false,
        "guid": "testGUID",
        "iconBackgroundColor": undefined,
        "iconName": "standard:record_update",
        "iconShape": undefined,
        "iconSize": undefined,
        "label": "QuickLinksLabelAndDescription.recordUpdateLabel",
        "supportsBranching": undefined,
      },
      Object {
        "actionIconName": undefined,
        "actionIsStandard": false,
        "actionName": "emailAlert",
        "actionType": "emailAlert",
        "canHaveFaultConnector": undefined,
        "description": "QuickLinksLabelAndDescription.emailAlertDescription",
        "dragImageSrc": "/flow/icons/large/email_alert.png",
        "dynamicNodeComponent": undefined,
        "dynamicNodeComponentSelector": undefined,
        "elementSubtype": null,
        "elementType": "ActionCall",
        "freeformVisible": false,
        "guid": "testGUID",
        "iconBackgroundColor": "background-navy",
        "iconName": "standard:email",
        "iconShape": undefined,
        "iconSize": undefined,
        "label": "QuickLinksLabelAndDescription.emailAlertLabel",
        "supportsBranching": undefined,
      },
    ],
    "guid": "testGUID",
    "label": "FlowBuilderLeftPanelElements.quickLinksLabel",
  },
  Object {
    "_children": Array [
      Object {
        "actionIconName": undefined,
        "actionIsStandard": undefined,
        "actionName": undefined,
        "actionType": undefined,
        "canHaveFaultConnector": undefined,
        "description": "FlowBuilderLeftPanelElements.screenComponentDescription",
        "dragImageSrc": "/flow/icons/large/screen.png",
        "dynamicNodeComponent": undefined,
        "dynamicNodeComponentSelector": undefined,
        "elementSubtype": null,
        "elementType": "Screen",
        "freeformVisible": true,
        "guid": "testGUID",
        "iconBackgroundColor": undefined,
        "iconName": "standard:screen",
        "iconShape": undefined,
        "iconSize": undefined,
        "label": "FlowBuilderLeftPanelElements.screenComponentLabel",
        "supportsBranching": undefined,
      },
      Object {
        "actionIconName": undefined,
        "actionIsStandard": undefined,
        "actionName": undefined,
        "actionType": undefined,
        "canHaveFaultConnector": undefined,
        "description": "FlowBuilderLeftPanelElements.actionFlowComponentDescription",
        "dragImageSrc": "/flow/icons/large/action_call.png",
        "dynamicNodeComponent": undefined,
        "dynamicNodeComponentSelector": undefined,
        "elementSubtype": null,
        "elementType": "ActionCall",
        "freeformVisible": true,
        "guid": "testGUID",
        "iconBackgroundColor": "background-navy",
        "iconName": "standard:custom_notification",
        "iconShape": undefined,
        "iconSize": undefined,
        "label": "FlowBuilderLeftPanelElements.actionFlowComponentLabel",
        "supportsBranching": undefined,
      },
    ],
    "guid": "testGUID",
    "label": "FlowBuilderLeftPanelElements.flowInteractionComponentsLabel",
  },
  Object {
    "_children": Array [
      Object {
        "actionIconName": undefined,
        "actionIsStandard": undefined,
        "actionName": undefined,
        "actionType": undefined,
        "canHaveFaultConnector": undefined,
        "description": "FlowBuilderLeftPanelElements.assignmentLogicDescription",
        "dragImageSrc": "/flow/icons/large/assignment.png",
        "dynamicNodeComponent": undefined,
        "dynamicNodeComponentSelector": undefined,
        "elementSubtype": null,
        "elementType": "Assignment",
        "freeformVisible": true,
        "guid": "testGUID",
        "iconBackgroundColor": undefined,
        "iconName": "standard:assignment",
        "iconShape": undefined,
        "iconSize": undefined,
        "label": "FlowBuilderLeftPanelElements.assignmentLogicLabel",
        "supportsBranching": undefined,
      },
      Object {
        "actionIconName": undefined,
        "actionIsStandard": undefined,
        "actionName": undefined,
        "actionType": undefined,
        "canHaveFaultConnector": undefined,
        "description": "FlowBuilderLeftPanelElements.waitLogicDescription",
        "dragImageSrc": "/flow/icons/large/wait.png",
        "dynamicNodeComponent": undefined,
        "dynamicNodeComponentSelector": undefined,
        "elementSubtype": null,
        "elementType": "Wait",
        "freeformVisible": true,
        "guid": "testGUID",
        "iconBackgroundColor": undefined,
        "iconName": "standard:waits",
        "iconShape": undefined,
        "iconSize": undefined,
        "label": "FlowBuilderLeftPanelElements.waitLogicLabel",
        "supportsBranching": undefined,
      },
      Object {
        "actionIconName": undefined,
        "actionIsStandard": true,
        "actionName": "marketingEmail",
        "actionType": "marketingEmail",
        "canHaveFaultConnector": undefined,
        "description": "Send an email where you specify the subject, body, and recipients",
        "dragImageSrc": "/flow/icons/large/action_call.png",
        "dynamicNodeComponent": undefined,
        "dynamicNodeComponentSelector": undefined,
        "elementSubtype": null,
        "elementType": "ActionCall",
        "freeformVisible": true,
        "guid": "testGUID",
        "iconBackgroundColor": "background-navy",
        "iconName": "standard:custom_notification",
        "iconShape": undefined,
        "iconSize": undefined,
        "label": "Marketing E-Mail",
        "supportsBranching": undefined,
      },
    ],
    "guid": "testGUID",
    "label": "FlowBuilderLeftPanelElements.flowControlLogicLabel",
  },
  Object {
    "_children": Array [
      Object {
        "actionIconName": undefined,
        "actionIsStandard": undefined,
        "actionName": undefined,
        "actionType": undefined,
        "canHaveFaultConnector": undefined,
        "description": "FlowBuilderLeftPanelElements.createDataOperationDescription",
        "dragImageSrc": "/flow/icons/large/record_create.png",
        "dynamicNodeComponent": undefined,
        "dynamicNodeComponentSelector": undefined,
        "elementSubtype": null,
        "elementType": "RecordCreate",
        "freeformVisible": undefined,
        "guid": "testGUID",
        "iconBackgroundColor": undefined,
        "iconName": "standard:record_create",
        "iconShape": undefined,
        "iconSize": undefined,
        "label": "FlowBuilderLeftPanelElements.createDataOperationLabel",
        "supportsBranching": undefined,
      },
      Object {
        "actionIconName": undefined,
        "actionIsStandard": undefined,
        "actionName": undefined,
        "actionType": undefined,
        "canHaveFaultConnector": undefined,
        "description": "FlowBuilderLeftPanelElements.updateDataOperationDescription",
        "dragImageSrc": "/flow/icons/large/record_update.png",
        "dynamicNodeComponent": undefined,
        "dynamicNodeComponentSelector": undefined,
        "elementSubtype": null,
        "elementType": "RecordUpdate",
        "freeformVisible": undefined,
        "guid": "testGUID",
        "iconBackgroundColor": undefined,
        "iconName": "standard:record_update",
        "iconShape": undefined,
        "iconSize": undefined,
        "label": "FlowBuilderLeftPanelElements.updateDataOperationLabel",
        "supportsBranching": undefined,
      },
      Object {
        "actionIconName": undefined,
        "actionIsStandard": undefined,
        "actionName": undefined,
        "actionType": undefined,
        "canHaveFaultConnector": undefined,
        "description": "FlowBuilderLeftPanelElements.lookupDataOperationDescription",
        "dragImageSrc": "/flow/icons/large/record_lookup.png",
        "dynamicNodeComponent": undefined,
        "dynamicNodeComponentSelector": undefined,
        "elementSubtype": null,
        "elementType": "RecordQuery",
        "freeformVisible": undefined,
        "guid": "testGUID",
        "iconBackgroundColor": undefined,
        "iconName": "standard:record_lookup",
        "iconShape": undefined,
        "iconSize": undefined,
        "label": "FlowBuilderLeftPanelElements.lookupDataOperationLabel",
        "supportsBranching": undefined,
      },
    ],
    "guid": "testGUID",
    "label": "FlowBuilderLeftPanelElements.flowControlDataOperationsLabel",
  },
]
`;
