// Jest Snapshot v1, https://goo.gl/fbAQLP

exports[`onboardingManagerService renders 1`] = `
<builder_platform_interaction-onboarding-manager-service>
  #shadow-root(open)
</builder_platform_interaction-onboarding-manager-service>
`;
