// Jest Snapshot v1, https://goo.gl/fbAQLP

exports[`Field Input Menu Object Fields View Tests utils > getObjectFieldsViewSections 1`] = `
Array [
  Object {
    "items": Array [
      Object {
        "apiName": "address",
        "dataType": "string",
        "iconName": "utility:text",
        "iconSize": "x-small",
        "label": "Address",
        "name": "address",
        "sobjectName": "Account",
        "type": "string",
        "value": "address",
        "view": undefined,
      },
      Object {
        "apiName": "address2",
        "dataType": "string",
        "iconName": "utility:text",
        "iconSize": "x-small",
        "label": "Address2",
        "name": "address2",
        "sobjectName": "Account",
        "type": "string",
        "value": "address2",
        "view": undefined,
      },
      Object {
        "apiName": "address2",
        "dataType": "Picklist",
        "iconName": "utility:picklist_type",
        "iconSize": "x-small",
        "label": "BillingGeocodeAccuracy",
        "name": "address2",
        "sobjectName": "Account",
        "type": "Picklist",
        "value": "address2",
        "view": Object {
          "fieldApiName": "Account.address2",
          "recordTypeId": "dummy",
          "type": "PicklistValues",
        },
      },
    ],
    "label": undefined,
    "name": "ObjectFields",
  },
]
`;
